// Jest Snapshot v1, https://goo.gl/fbAQLP

exports[`matches snapshot 1`] = `
<DocumentFragment>
  <div
    class="Box-Container"
  >
    <div
      class="Box"
      style="background-color: grey; width: 100px; height: 100px;"
    />
    <button
      class="Box-Btn"
    >
      Delete Box
    </button>
  </div>
</DocumentFragment>
`;
