// Jest Snapshot v1, https://goo.gl/fbAQLP

exports[`matches snapshot 1`] = `
<DocumentFragment>
  <div
    class="Box-Container"
  >
    <li
      style="font-size: 20px;"
    >
      Be Cool
    </li>
    <button
      class="Todo-Btn"
    >
      Delete Todo
    </button>
  </div>
</DocumentFragment>
`;
